// Jest Snapshot v1, https://goo.gl/fbAQLP

exports[`<SignInScreen/> renders correctly 1`] = `
<View
  style={
    {
      "backgroundColor": "#c5effc",
      "flex": 1,
    }
  }
>
  <RCTScrollView>
    <View>
      <RCTSafeAreaView>
        <View
          style={
            {
              "alignItems": "center",
              "paddingTop": 133.4,
            }
          }
        >
          <Image
            source={
              {
                "uri": "https://as1.ftcdn.net/v2/jpg/01/04/73/84/1000_F_104738464_uK24Z5qUllReax2nCDZ0HQiVINOf1k7m.jpg",
              }
            }
            style={
              {
                "borderRadius": 100,
                "height": 200.1,
                "width": 200.1,
              }
            }
          />
          <View
            style={
              {
                "alignItems": "center",
                "top": 40.019999999999996,
              }
            }
          >
            <Text
              style={
                {
                  "fontSize": 20,
                }
              }
            >
              Welcome to
            </Text>
            <Text
              style={
                {
                  "fontSize": 40,
                }
              }
            >
              Memories
            </Text>
          </View>
        </View>
        <View
          style={
            {
              "alignItems": "center",
              "gap": 40.019999999999996,
              "top": 66.7,
            }
          }
        >
          <View
            accessibilityLabel="Email input field"
            onLayout={[Function]}
            style={
              [
                {
                  "backgroundColor": "white",
                  "borderColor": "#e8e8e8",
                  "borderRadius": 5,
                  "borderWidth": 1,
                  "height": 40,
                  "paddingHorizontal": 10,
                  "paddingVertical": 10,
                  "width": "80%",
                },
                {
                  "paddingBottom": 0,
                },
              ]
            }
          >
            <TextInput
              onChangeText={[Function]}
              placeholder="email"
              style={{}}
            />
          </View>
          <View
            accessibilityLabel="Password input field"
            onLayout={[Function]}
            style={
              [
                {
                  "backgroundColor": "white",
                  "borderColor": "#e8e8e8",
                  "borderRadius": 5,
                  "borderWidth": 1,
                  "height": 40,
                  "paddingHorizontal": 10,
                  "paddingVertical": 10,
                  "width": "80%",
                },
                {
                  "paddingBottom": 0,
                },
              ]
            }
          >
            <TextInput
              onChangeText={[Function]}
              placeholder="password"
              style={{}}
            />
          </View>
          <View
            accessibilityLabel="Forgot password button"
            accessibilityState={
              {
                "busy": undefined,
                "checked": undefined,
                "disabled": undefined,
                "expanded": undefined,
                "selected": undefined,
              }
            }
            accessibilityValue={
              {
                "max": undefined,
                "min": undefined,
                "now": undefined,
                "text": undefined,
              }
            }
            accessible={true}
            collapsable={false}
            focusable={false}
            onClick={[Function]}
            onResponderGrant={[Function]}
            onResponderMove={[Function]}
            onResponderRelease={[Function]}
            onResponderTerminate={[Function]}
            onResponderTerminationRequest={[Function]}
            onStartShouldSetResponder={[Function]}
            style={
              {
                "opacity": 1,
              }
            }
          >
            <Text
              style={
                {
                  "color": "#858585",
                }
              }
            >
              Forgot Password
            </Text>
          </View>
          <View
            accessibilityLabel="Login button"
            accessibilityState={
              {
                "busy": undefined,
                "checked": undefined,
                "disabled": undefined,
                "expanded": undefined,
                "selected": undefined,
              }
            }
            accessibilityValue={
              {
                "max": undefined,
                "min": undefined,
                "now": undefined,
                "text": undefined,
              }
            }
            accessible={true}
            collapsable={false}
            focusable={false}
            onClick={[Function]}
            onResponderGrant={[Function]}
            onResponderMove={[Function]}
            onResponderRelease={[Function]}
            onResponderTerminate={[Function]}
            onResponderTerminationRequest={[Function]}
            onStartShouldSetResponder={[Function]}
            style={
              {
                "alignItems": "center",
                "backgroundColor": "#45d9a8",
                "borderColor": "#57ab8f",
                "borderRadius": 5,
                "borderWidth": 1,
                "opacity": 1,
                "paddingVertical": 10,
                "width": "80%",
              }
            }
          >
            <Text>
              Login
            </Text>
          </View>
          <View
            accessibilityLabel="Sign up button"
            accessibilityState={
              {
                "busy": undefined,
                "checked": undefined,
                "disabled": undefined,
                "expanded": undefined,
                "selected": undefined,
              }
            }
            accessibilityValue={
              {
                "max": undefined,
                "min": undefined,
                "now": undefined,
                "text": undefined,
              }
            }
            accessible={true}
            collapsable={false}
            focusable={false}
            onClick={[Function]}
            onResponderGrant={[Function]}
            onResponderMove={[Function]}
            onResponderRelease={[Function]}
            onResponderTerminate={[Function]}
            onResponderTerminationRequest={[Function]}
            onStartShouldSetResponder={[Function]}
            style={
              {
                "alignItems": "center",
                "backgroundColor": "#5ba1e3",
                "borderColor": "#57ab8f",
                "borderRadius": 5,
                "borderWidth": 1,
                "opacity": 1,
                "paddingVertical": 10,
                "width": "80%",
              }
            }
          >
            <Text>
              Sign Up
            </Text>
          </View>
        </View>
      </RCTSafeAreaView>
    </View>
  </RCTScrollView>
</View>
`;
